../Core/Src/main.c:63:6:set_PWM_duty	32	static
../Core/Src/main.c:75:6:set_PWM_dutys	16	static
../Core/Src/main.c:88:6:PWM_Start	16	static
../Core/Src/main.c:105:5:main	48	static
../Core/Src/main.c:183:6:SystemClock_Config	88	static
../Core/Src/main.c:230:13:MX_I2C3_Init	24	static
../Core/Src/main.c:281:13:MX_TIM2_Init	64	static
../Core/Src/main.c:352:13:MX_TIM3_Init	64	static
../Core/Src/main.c:423:13:MX_USART2_UART_Init	8	static
../Core/Src/main.c:471:13:MX_GPIO_Init	40	static
../Core/Src/main.c:503:6:Error_Handler	8	static,ignoring_inline_asm
